package idiomcase

import "github.com/luthersystems/elps/lisp"

func goErr(env *lisp.LEnv, v *lisp.LVal) bool {
	if v.IsError() { // want `use v.IsError\(\), which is the same test`
		return true
	}
	if !env.CheckAlloc(3).IsError() { // want `use !env.CheckAlloc\(3\).IsError\(\)`
		return false
	}
	return !v.IsError() // want `use !v.IsError\(\)`
}

// The error value itself is used: no rewrite.
func goErrKept(v *lisp.LVal) error {
	if err := lisp.GoError(v); err != nil {
		return err
	}
	return nil
}
